[2026-03-25 21:46:11,789] torch.distributed.run: [WARNING] 
[2026-03-25 21:46:11,789] torch.distributed.run: [WARNING] *****************************************
[2026-03-25 21:46:11,789] torch.distributed.run: [WARNING] Setting OMP_NUM_THREADS environment variable for each process to be 1 in default, to avoid your system being overloaded, please further tune the variable for optimal performance in your application as needed. 
[2026-03-25 21:46:11,789] torch.distributed.run: [WARNING] *****************************************
/home/jlx_75/miniconda3/envs/pvmamba/lib/python3.10/site-packages/requests/__init__.py:109: RequestsDependencyWarning: urllib3 (1.26.13) or chardet (7.2.0)/charset_normalizer (2.1.1) doesn't match a supported version!
  warnings.warn(
/home/jlx_75/miniconda3/envs/pvmamba/lib/python3.10/site-packages/requests/__init__.py:109: RequestsDependencyWarning: urllib3 (1.26.13) or chardet (7.2.0)/charset_normalizer (2.1.1) doesn't match a supported version!
  warnings.warn(
=> merge config from configs/pvmamba/base.yaml
=> merge config from configs/pvmamba/base.yaml
=> merge config from configs/pvmamba/tiny_tinyimagenet.yaml
=> merge config from configs/pvmamba/tiny_tinyimagenet.yaml
RANK and WORLD_SIZE in environ: 1/2
RANK and WORLD_SIZE in environ: 0/2
[2026-03-25 21:46:14 tiny_tinyimagenet](main.py 516): INFO Full config saved to ./output_tinyimagenet_2gpu_1ep/tiny_tinyimagenet/20260325214613/config.json
[2026-03-25 21:46:14 tiny_tinyimagenet](main.py 520): INFO AMP_ENABLE: true
AMP_OPT_LEVEL: ''
AUG:
  AUTO_AUGMENT: rand-m9-mstd0.5-inc1
  COLOR_JITTER: 0.4
  CUTMIX: 1.0
  CUTMIX_MINMAX: null
  MIXUP: 0.8
  MIXUP_MODE: batch
  MIXUP_PROB: 1.0
  MIXUP_SWITCH_PROB: 0.5
  RECOUNT: 1
  REMODE: pixel
  REPROB: 0.25
BASE:
- base.yaml
DATA:
  BATCH_SIZE: 64
  CACHE_MODE: part
  DATASET: imagenet
  DATA_PATH: /home/jlx_75/datasets/tiny-imagenet/tiny-imagenet-200
  IMG_SIZE: 64
  INTERPOLATION: bicubic
  MASK_PATCH_SIZE: 32
  MASK_RATIO: 0.6
  NUM_WORKERS: 8
  PERSISTENT_WORKERS: false
  PIN_MEMORY: true
  ZIP_MODE: false
ENABLE_AMP: false
EVAL_MODE: false
FUSED_LAYERNORM: false
MODEL:
  DDP: torch
  DROP_PATH_RATE: 0.2
  DROP_RATE: 0.0
  LABEL_SMOOTHING: 0.1
  MMCKPT: false
  NAME: tiny_tinyimagenet
  NUM_CLASSES: 200
  PRETRAINED: ''
  PVMAMBA:
    DEPTHS:
    - 2
    - 4
    - 8
    - 4
    DT_INIT: random
    D_STATE: 64
    EMBED_DIM: 64
    IMAGE_SIZE: 64
    IN_CHANS: 3
    MLP_RATIO: 4.0
    NUM_HEADS:
    - 2
    - 4
    - 8
    - 16
    PATCH_SIZE: 4
    SPATIAL_FLAG:
    - []
    - []
    - - 0
      - 2
      - 2
      - 1
      - 2
      - 2
      - 1
      - 2
    - - 0
      - 2
      - 2
      - 1
    SSD_CHUNK_SIZE: 256
    SSD_EXPANSION: 2
    TOKEN_MIXER_TYPES:
    - LoDSA
    - LoDSA
    - SaDSA
    - attention
  RESUME: ''
  TYPE: pvmamba
OUTPUT: ./output_tinyimagenet_2gpu_1ep/tiny_tinyimagenet/20260325214613
PRINT_FREQ: 10
SAVE_FREQ: 1
SEED: 0
TAG: '20260325214613'
TEST:
  CROP: true
  SEQUENTIAL: false
  SHUFFLE: false
THROUGHPUT_MODE: false
TRAIN:
  ACCUMULATION_STEPS: 1
  AUTO_RESUME: false
  BASE_LR: 0.000125
  CLIP_GRAD: 5.0
  EPOCHS: 1
  LAYER_DECAY: 1.0
  LR_SCHEDULER:
    DECAY_EPOCHS: 30
    DECAY_RATE: 0.1
    GAMMA: 0.1
    MULTISTEPS: []
    NAME: cosine
    WARMUP_PREFIX: true
  MESA: 1.0
  MIN_LR: 1.25e-06
  MOE:
    SAVE_MASTER: false
  OPTIMIZER:
    BETAS:
    - 0.9
    - 0.999
    EPS: 1.0e-08
    MOMENTUM: 0.9
    NAME: adamw
  START_EPOCH: 0
  USE_CHECKPOINT: false
  WARMUP_EPOCHS: 0
  WARMUP_LR: 1.25e-07
  WEIGHT_DECAY: 0.05
TRAINCOST_MODE: false

[2026-03-25 21:46:14 tiny_tinyimagenet](main.py 521): INFO {"cfg": "configs/pvmamba/tiny_tinyimagenet.yaml", "opts": ["TRAIN.EPOCHS", "1"], "batch_size": null, "data_path": "/home/jlx_75/datasets/tiny-imagenet/tiny-imagenet-200", "zip": false, "cache_mode": "part", "pretrained": null, "resume": null, "accumulation_steps": null, "use_checkpoint": false, "disable_amp": false, "output": "./output_tinyimagenet_2gpu_1ep", "tag": "20260325214613", "eval": false, "throughput": false, "fused_layernorm": false, "optim": null, "model_ema": false, "model_ema_decay": 0.9999, "model_ema_force_cpu": false, "memory_limit_rate": -1, "ddp": "torch", "enable_preload": false, "enable_persistance": false, "mesa": false, "mesa_value": 1.0, "mute_repeat": false}
rank 1 successfully build train dataset
rank 1 successfully build val dataset
rank 0 successfully build train dataset
rank 0 successfully build val dataset
[2026-03-25 21:46:14 tiny_tinyimagenet](main.py 122): INFO Creating model:pvmamba/tiny_tinyimagenet
[2026-03-25 21:46:14 tiny_tinyimagenet](main.py 128): INFO PVMAMBA(
  (patch_embed): PatchEmbeding(
    (conv1): ConvLayer(
      (conv): Conv2d(3, 32, kernel_size=(3, 3), stride=(2, 2), padding=(1, 1), bias=False)
      (norm): BatchNorm2d(32, eps=1e-05, momentum=0.1, affine=True, track_running_stats=True)
      (act): ReLU()
    )
    (conv2): Sequential(
      (0): ConvLayer(
        (conv): Conv2d(32, 32, kernel_size=(3, 3), stride=(1, 1), padding=(1, 1), bias=False)
        (norm): BatchNorm2d(32, eps=1e-05, momentum=0.1, affine=True, track_running_stats=True)
        (act): ReLU()
      )
      (1): ConvLayer(
        (conv): Conv2d(32, 32, kernel_size=(3, 3), stride=(1, 1), padding=(1, 1), bias=False)
        (norm): BatchNorm2d(32, eps=1e-05, momentum=0.1, affine=True, track_running_stats=True)
      )
    )
    (conv3): Sequential(
      (0): ConvLayer(
        (conv): Conv2d(32, 256, kernel_size=(3, 3), stride=(2, 2), padding=(1, 1), bias=False)
        (norm): BatchNorm2d(256, eps=1e-05, momentum=0.1, affine=True, track_running_stats=True)
        (act): ReLU()
      )
      (1): ConvLayer(
        (conv): Conv2d(256, 64, kernel_size=(1, 1), stride=(1, 1), bias=False)
        (norm): BatchNorm2d(64, eps=1e-05, momentum=0.1, affine=True, track_running_stats=True)
      )
    )
  )
  (pos_drop): Dropout(p=0.0, inplace=False)
  (layers): ModuleList(
    (0): BasicLayer(
      dim=64, input_resolution=(56, 56), depth=2
      (blocks): ModuleList(
        (0): PVMAMBABlock(
          (cpe1): Conv2d(64, 64, kernel_size=(3, 3), stride=(1, 1), padding=(1, 1), groups=64)
          (norm1): LayerNorm((64,), eps=1e-05, elementwise_affine=True)
          (token_mixer): mamba_op(
            (in_proj): Linear(in_features=64, out_features=386, bias=False)
            (conv2d): Conv2d(256, 256, kernel_size=(3, 3), stride=(1, 1), padding=(1, 1), groups=256)
            (act): SiLU()
            (norm): LayerNorm((128,), eps=1e-05, elementwise_affine=True)
            (out_proj): Linear(in_features=128, out_features=64, bias=False)
            (pool): AvgPool2d(kernel_size=3, stride=1, padding=1)
          )
          (drop_path): Identity()
          (cpe2): Conv2d(64, 64, kernel_size=(3, 3), stride=(1, 1), padding=(1, 1), groups=64)
          (norm2): LayerNorm((64,), eps=1e-05, elementwise_affine=True)
          (mlp): Mlp(
            (fc1): Linear(in_features=64, out_features=256, bias=True)
            (act): GELU(approximate='none')
            (fc2): Linear(in_features=256, out_features=64, bias=True)
            (drop): Dropout(p=0.0, inplace=False)
          )
        )
        (1): PVMAMBABlock(
          (cpe1): Conv2d(64, 64, kernel_size=(3, 3), stride=(1, 1), padding=(1, 1), groups=64)
          (norm1): LayerNorm((64,), eps=1e-05, elementwise_affine=True)
          (token_mixer): mamba_op(
            (in_proj): Linear(in_features=64, out_features=386, bias=False)
            (conv2d): Conv2d(256, 256, kernel_size=(3, 3), stride=(1, 1), padding=(1, 1), groups=256)
            (act): SiLU()
            (norm): LayerNorm((128,), eps=1e-05, elementwise_affine=True)
            (out_proj): Linear(in_features=128, out_features=64, bias=False)
            (pool): AvgPool2d(kernel_size=3, stride=1, padding=1)
          )
          (drop_path): DropPath()
          (cpe2): Conv2d(64, 64, kernel_size=(3, 3), stride=(1, 1), padding=(1, 1), groups=64)
          (norm2): LayerNorm((64,), eps=1e-05, elementwise_affine=True)
          (mlp): Mlp(
            (fc1): Linear(in_features=64, out_features=256, bias=True)
            (act): GELU(approximate='none')
            (fc2): Linear(in_features=256, out_features=64, bias=True)
            (drop): Dropout(p=0.0, inplace=False)
          )
        )
      )
      (downsample): PatchMerging(
        (conv): Sequential(
          (0): ConvLayer(
            (conv): Conv2d(64, 512, kernel_size=(1, 1), stride=(1, 1))
            (act): ReLU()
          )
          (1): ConvLayer(
            (conv): Conv2d(512, 512, kernel_size=(3, 3), stride=(2, 2), padding=(1, 1), groups=512)
            (act): ReLU()
          )
          (2): ConvLayer(
            (conv): Conv2d(512, 128, kernel_size=(1, 1), stride=(1, 1))
            (norm): BatchNorm2d(128, eps=1e-05, momentum=0.1, affine=True, track_running_stats=True)
          )
        )
      )
    )
    (1): BasicLayer(
      dim=128, input_resolution=(28, 28), depth=4
      (blocks): ModuleList(
        (0-3): 4 x PVMAMBABlock(
          (cpe1): Conv2d(128, 128, kernel_size=(3, 3), stride=(1, 1), padding=(1, 1), groups=128)
          (norm1): LayerNorm((128,), eps=1e-05, elementwise_affine=True)
          (token_mixer): mamba_op(
            (in_proj): Linear(in_features=128, out_features=644, bias=False)
            (conv2d): Conv2d(384, 384, kernel_size=(3, 3), stride=(1, 1), padding=(1, 1), groups=384)
            (act): SiLU()
            (norm): LayerNorm((256,), eps=1e-05, elementwise_affine=True)
            (out_proj): Linear(in_features=256, out_features=128, bias=False)
            (pool): AvgPool2d(kernel_size=3, stride=1, padding=1)
          )
          (drop_path): DropPath()
          (cpe2): Conv2d(128, 128, kernel_size=(3, 3), stride=(1, 1), padding=(1, 1), groups=128)
          (norm2): LayerNorm((128,), eps=1e-05, elementwise_affine=True)
          (mlp): Mlp(
            (fc1): Linear(in_features=128, out_features=512, bias=True)
            (act): GELU(approximate='none')
            (fc2): Linear(in_features=512, out_features=128, bias=True)
            (drop): Dropout(p=0.0, inplace=False)
          )
        )
      )
      (downsample): PatchMerging(
        (conv): Sequential(
          (0): ConvLayer(
            (conv): Conv2d(128, 1024, kernel_size=(1, 1), stride=(1, 1))
            (act): ReLU()
          )
          (1): ConvLayer(
            (conv): Conv2d(1024, 1024, kernel_size=(3, 3), stride=(2, 2), padding=(1, 1), groups=1024)
            (act): ReLU()
          )
          (2): ConvLayer(
            (conv): Conv2d(1024, 256, kernel_size=(1, 1), stride=(1, 1))
            (norm): BatchNorm2d(256, eps=1e-05, momentum=0.1, affine=True, track_running_stats=True)
          )
        )
      )
    )
    (2): BasicLayer(
      dim=256, input_resolution=(14, 14), depth=8
      (blocks): ModuleList(
        (0): PVMAMBABlock(
          (cpe1): Conv2d(256, 256, kernel_size=(3, 3), stride=(1, 1), padding=(1, 1), groups=256)
          (norm1): LayerNorm((256,), eps=1e-05, elementwise_affine=True)
          (token_mixer): mamba_op(
            (in_proj): Linear(in_features=256, out_features=1160, bias=False)
            (conv2d): Conv2d(640, 640, kernel_size=(3, 3), stride=(1, 1), padding=(1, 1), groups=640)
            (act): SiLU()
            (norm): LayerNorm((512,), eps=1e-05, elementwise_affine=True)
            (out_proj): Linear(in_features=512, out_features=256, bias=False)
            (sa_op): spatial_adaptive_operator(
              (sampling_offsets): Linear(in_features=512, out_features=8, bias=True)
            )
          )
          (drop_path): DropPath()
          (cpe2): Conv2d(256, 256, kernel_size=(3, 3), stride=(1, 1), padding=(1, 1), groups=256)
          (norm2): LayerNorm((256,), eps=1e-05, elementwise_affine=True)
          (mlp): Mlp(
            (fc1): Linear(in_features=256, out_features=1024, bias=True)
            (act): GELU(approximate='none')
            (fc2): Linear(in_features=1024, out_features=256, bias=True)
            (drop): Dropout(p=0.0, inplace=False)
          )
        )
        (1-2): 2 x PVMAMBABlock(
          (cpe1): Conv2d(256, 256, kernel_size=(3, 3), stride=(1, 1), padding=(1, 1), groups=256)
          (norm1): LayerNorm((256,), eps=1e-05, elementwise_affine=True)
          (token_mixer): mamba_op(
            (in_proj): Linear(in_features=256, out_features=1160, bias=False)
            (conv2d): Conv2d(640, 640, kernel_size=(3, 3), stride=(1, 1), padding=(1, 1), groups=640)
            (act): SiLU()
            (norm): LayerNorm((512,), eps=1e-05, elementwise_affine=True)
            (out_proj): Linear(in_features=512, out_features=256, bias=False)
            (sa_op): spatial_adaptive_operator()
          )
          (drop_path): DropPath()
          (cpe2): Conv2d(256, 256, kernel_size=(3, 3), stride=(1, 1), padding=(1, 1), groups=256)
          (norm2): LayerNorm((256,), eps=1e-05, elementwise_affine=True)
          (mlp): Mlp(
            (fc1): Linear(in_features=256, out_features=1024, bias=True)
            (act): GELU(approximate='none')
            (fc2): Linear(in_features=1024, out_features=256, bias=True)
            (drop): Dropout(p=0.0, inplace=False)
          )
        )
        (3): PVMAMBABlock(
          (cpe1): Conv2d(256, 256, kernel_size=(3, 3), stride=(1, 1), padding=(1, 1), groups=256)
          (norm1): LayerNorm((256,), eps=1e-05, elementwise_affine=True)
          (token_mixer): mamba_op(
            (in_proj): Linear(in_features=256, out_features=1160, bias=False)
            (conv2d): Conv2d(640, 640, kernel_size=(3, 3), stride=(1, 1), padding=(1, 1), groups=640)
            (act): SiLU()
            (norm): LayerNorm((512,), eps=1e-05, elementwise_affine=True)
            (out_proj): Linear(in_features=512, out_features=256, bias=False)
            (sa_op): spatial_adaptive_operator(
              (sampling_offsets): Linear(in_features=512, out_features=8, bias=True)
            )
          )
          (drop_path): DropPath()
          (cpe2): Conv2d(256, 256, kernel_size=(3, 3), stride=(1, 1), padding=(1, 1), groups=256)
          (norm2): LayerNorm((256,), eps=1e-05, elementwise_affine=True)
          (mlp): Mlp(
            (fc1): Linear(in_features=256, out_features=1024, bias=True)
            (act): GELU(approximate='none')
            (fc2): Linear(in_features=1024, out_features=256, bias=True)
            (drop): Dropout(p=0.0, inplace=False)
          )
        )
        (4-5): 2 x PVMAMBABlock(
          (cpe1): Conv2d(256, 256, kernel_size=(3, 3), stride=(1, 1), padding=(1, 1), groups=256)
          (norm1): LayerNorm((256,), eps=1e-05, elementwise_affine=True)
          (token_mixer): mamba_op(
            (in_proj): Linear(in_features=256, out_features=1160, bias=False)
            (conv2d): Conv2d(640, 640, kernel_size=(3, 3), stride=(1, 1), padding=(1, 1), groups=640)
            (act): SiLU()
            (norm): LayerNorm((512,), eps=1e-05, elementwise_affine=True)
            (out_proj): Linear(in_features=512, out_features=256, bias=False)
            (sa_op): spatial_adaptive_operator()
          )
          (drop_path): DropPath()
          (cpe2): Conv2d(256, 256, kernel_size=(3, 3), stride=(1, 1), padding=(1, 1), groups=256)
          (norm2): LayerNorm((256,), eps=1e-05, elementwise_affine=True)
          (mlp): Mlp(
            (fc1): Linear(in_features=256, out_features=1024, bias=True)
            (act): GELU(approximate='none')
            (fc2): Linear(in_features=1024, out_features=256, bias=True)
            (drop): Dropout(p=0.0, inplace=False)
          )
        )
        (6): PVMAMBABlock(
          (cpe1): Conv2d(256, 256, kernel_size=(3, 3), stride=(1, 1), padding=(1, 1), groups=256)
          (norm1): LayerNorm((256,), eps=1e-05, elementwise_affine=True)
          (token_mixer): mamba_op(
            (in_proj): Linear(in_features=256, out_features=1160, bias=False)
            (conv2d): Conv2d(640, 640, kernel_size=(3, 3), stride=(1, 1), padding=(1, 1), groups=640)
            (act): SiLU()
            (norm): LayerNorm((512,), eps=1e-05, elementwise_affine=True)
            (out_proj): Linear(in_features=512, out_features=256, bias=False)
            (sa_op): spatial_adaptive_operator(
              (sampling_offsets): Linear(in_features=512, out_features=8, bias=True)
            )
          )
          (drop_path): DropPath()
          (cpe2): Conv2d(256, 256, kernel_size=(3, 3), stride=(1, 1), padding=(1, 1), groups=256)
          (norm2): LayerNorm((256,), eps=1e-05, elementwise_affine=True)
          (mlp): Mlp(
            (fc1): Linear(in_features=256, out_features=1024, bias=True)
            (act): GELU(approximate='none')
            (fc2): Linear(in_features=1024, out_features=256, bias=True)
            (drop): Dropout(p=0.0, inplace=False)
          )
        )
        (7): PVMAMBABlock(
          (cpe1): Conv2d(256, 256, kernel_size=(3, 3), stride=(1, 1), padding=(1, 1), groups=256)
          (norm1): LayerNorm((256,), eps=1e-05, elementwise_affine=True)
          (token_mixer): mamba_op(
            (in_proj): Linear(in_features=256, out_features=1160, bias=False)
            (conv2d): Conv2d(640, 640, kernel_size=(3, 3), stride=(1, 1), padding=(1, 1), groups=640)
            (act): SiLU()
            (norm): LayerNorm((512,), eps=1e-05, elementwise_affine=True)
            (out_proj): Linear(in_features=512, out_features=256, bias=False)
            (sa_op): spatial_adaptive_operator()
          )
          (drop_path): DropPath()
          (cpe2): Conv2d(256, 256, kernel_size=(3, 3), stride=(1, 1), padding=(1, 1), groups=256)
          (norm2): LayerNorm((256,), eps=1e-05, elementwise_affine=True)
          (mlp): Mlp(
            (fc1): Linear(in_features=256, out_features=1024, bias=True)
            (act): GELU(approximate='none')
            (fc2): Linear(in_features=1024, out_features=256, bias=True)
            (drop): Dropout(p=0.0, inplace=False)
          )
        )
      )
      (downsample): PatchMerging(
        (conv): Sequential(
          (0): ConvLayer(
            (conv): Conv2d(256, 2048, kernel_size=(1, 1), stride=(1, 1))
            (act): ReLU()
          )
          (1): ConvLayer(
            (conv): Conv2d(2048, 2048, kernel_size=(3, 3), stride=(2, 2), padding=(1, 1), groups=2048)
            (act): ReLU()
          )
          (2): ConvLayer(
            (conv): Conv2d(2048, 512, kernel_size=(1, 1), stride=(1, 1))
            (norm): BatchNorm2d(512, eps=1e-05, momentum=0.1, affine=True, track_running_stats=True)
          )
        )
      )
    )
    (3): BasicLayer(
      dim=512, input_resolution=(7, 7), depth=4
      (blocks): ModuleList(
        (0-3): 4 x PVMAMBABlock(
          (cpe1): Conv2d(512, 512, kernel_size=(3, 3), stride=(1, 1), padding=(1, 1), groups=512)
          (norm1): LayerNorm((512,), eps=1e-05, elementwise_affine=True)
          (token_mixer): Attention(
            (to_qkv): Linear(in_features=512, out_features=1536, bias=False)
            (to_out): Linear(in_features=512, out_features=512, bias=True)
            (dropout): Dropout(p=0.0, inplace=False)
          )
          (drop_path): DropPath()
          (cpe2): Conv2d(512, 512, kernel_size=(3, 3), stride=(1, 1), padding=(1, 1), groups=512)
          (norm2): LayerNorm((512,), eps=1e-05, elementwise_affine=True)
          (mlp): Mlp(
            (fc1): Linear(in_features=512, out_features=2048, bias=True)
            (act): GELU(approximate='none')
            (fc2): Linear(in_features=2048, out_features=512, bias=True)
            (drop): Dropout(p=0.0, inplace=False)
          )
        )
      )
    )
  )
  (norm): LayerNorm((512,), eps=1e-05, elementwise_affine=True)
  (avgpool): AdaptiveAvgPool1d(output_size=1)
  (head): Linear(in_features=512, out_features=200, bias=True)
)
[2026-03-25 21:46:14 tiny_tinyimagenet](main.py 130): INFO number of params: 23877928
/home/jlx_75/miniconda3/envs/pvmamba/lib/python3.10/site-packages/torch/functional.py:504: UserWarning: torch.meshgrid: in an upcoming release, it will be required to pass the indexing argument. (Triggered internally at ../aten/src/ATen/native/TensorShape.cpp:3526.)
  return _VF.meshgrid(tensors, **kwargs)  # type: ignore[attr-defined]
Unsupported operator aten::add encountered 104 time(s)
Unsupported operator aten::softplus encountered 14 time(s)
Unsupported operator aten::mul encountered 93 time(s)
Unsupported operator aten::alias encountered 1299 time(s)
Unsupported operator aten::repeat encountered 28 time(s)
Unsupported operator aten::avg_pool2d encountered 6 time(s)
Unsupported operator aten::gelu encountered 18 time(s)
Unsupported operator aten::sub encountered 18 time(s)
Unsupported operator aten::linspace encountered 2 time(s)
Unsupported operator aten::meshgrid encountered 1 time(s)
Unsupported operator aten::div encountered 5 time(s)
Unsupported operator aten::mean encountered 8 time(s)
Unsupported operator aten::softmax encountered 4 time(s)
Unsupported operator aten::adaptive_avg_pool1d encountered 1 time(s)
The following submodules of the model were never called during the trace of the graph. They may be unused, or they were accessed by direct calls to .forward() or via other python methods. In the latter case they will have zeros for statistics, though their statistics will still contribute to their parent calling module.
layers.0.blocks.1.drop_path, layers.1.blocks.0.drop_path, layers.1.blocks.1.drop_path, layers.1.blocks.2.drop_path, layers.1.blocks.3.drop_path, layers.2.blocks.0.drop_path, layers.2.blocks.1.drop_path, layers.2.blocks.2.drop_path, layers.2.blocks.3.drop_path, layers.2.blocks.4.drop_path, layers.2.blocks.5.drop_path, layers.2.blocks.6.drop_path, layers.2.blocks.7.drop_path, layers.3.blocks.0.drop_path, layers.3.blocks.1.drop_path, layers.3.blocks.2.drop_path, layers.3.blocks.3.drop_path
[2026-03-25 21:46:15 tiny_tinyimagenet](main.py 132): INFO number of GFLOPs: 4.50307376
[2026-03-25 21:46:15 tiny_tinyimagenet](optimizer.py 18): INFO ==============> building optimizer adamw....................
[2026-03-25 21:46:15 tiny_tinyimagenet](optimizer.py 27): INFO No weight decay list: ['patch_embed.conv1.norm.weight', 'patch_embed.conv1.norm.bias', 'patch_embed.conv2.0.norm.weight', 'patch_embed.conv2.0.norm.bias', 'patch_embed.conv2.1.norm.weight', 'patch_embed.conv2.1.norm.bias', 'patch_embed.conv3.0.norm.weight', 'patch_embed.conv3.0.norm.bias', 'patch_embed.conv3.1.norm.weight', 'patch_embed.conv3.1.norm.bias', 'layers.0.blocks.0.cpe1.bias', 'layers.0.blocks.0.norm1.weight', 'layers.0.blocks.0.norm1.bias', 'layers.0.blocks.0.token_mixer.dt_bias', 'layers.0.blocks.0.token_mixer.A_log', 'layers.0.blocks.0.token_mixer.D', 'layers.0.blocks.0.token_mixer.conv2d.bias', 'layers.0.blocks.0.token_mixer.norm.weight', 'layers.0.blocks.0.token_mixer.norm.bias', 'layers.0.blocks.0.cpe2.bias', 'layers.0.blocks.0.norm2.weight', 'layers.0.blocks.0.norm2.bias', 'layers.0.blocks.0.mlp.fc1.bias', 'layers.0.blocks.0.mlp.fc2.bias', 'layers.0.blocks.1.cpe1.bias', 'layers.0.blocks.1.norm1.weight', 'layers.0.blocks.1.norm1.bias', 'layers.0.blocks.1.token_mixer.dt_bias', 'layers.0.blocks.1.token_mixer.A_log', 'layers.0.blocks.1.token_mixer.D', 'layers.0.blocks.1.token_mixer.conv2d.bias', 'layers.0.blocks.1.token_mixer.norm.weight', 'layers.0.blocks.1.token_mixer.norm.bias', 'layers.0.blocks.1.cpe2.bias', 'layers.0.blocks.1.norm2.weight', 'layers.0.blocks.1.norm2.bias', 'layers.0.blocks.1.mlp.fc1.bias', 'layers.0.blocks.1.mlp.fc2.bias', 'layers.0.downsample.conv.0.conv.bias', 'layers.0.downsample.conv.1.conv.bias', 'layers.0.downsample.conv.2.conv.bias', 'layers.0.downsample.conv.2.norm.weight', 'layers.0.downsample.conv.2.norm.bias', 'layers.1.blocks.0.cpe1.bias', 'layers.1.blocks.0.norm1.weight', 'layers.1.blocks.0.norm1.bias', 'layers.1.blocks.0.token_mixer.dt_bias', 'layers.1.blocks.0.token_mixer.A_log', 'layers.1.blocks.0.token_mixer.D', 'layers.1.blocks.0.token_mixer.conv2d.bias', 'layers.1.blocks.0.token_mixer.norm.weight', 'layers.1.blocks.0.token_mixer.norm.bias', 'layers.1.blocks.0.cpe2.bias', 'layers.1.blocks.0.norm2.weight', 'layers.1.blocks.0.norm2.bias', 'layers.1.blocks.0.mlp.fc1.bias', 'layers.1.blocks.0.mlp.fc2.bias', 'layers.1.blocks.1.cpe1.bias', 'layers.1.blocks.1.norm1.weight', 'layers.1.blocks.1.norm1.bias', 'layers.1.blocks.1.token_mixer.dt_bias', 'layers.1.blocks.1.token_mixer.A_log', 'layers.1.blocks.1.token_mixer.D', 'layers.1.blocks.1.token_mixer.conv2d.bias', 'layers.1.blocks.1.token_mixer.norm.weight', 'layers.1.blocks.1.token_mixer.norm.bias', 'layers.1.blocks.1.cpe2.bias', 'layers.1.blocks.1.norm2.weight', 'layers.1.blocks.1.norm2.bias', 'layers.1.blocks.1.mlp.fc1.bias', 'layers.1.blocks.1.mlp.fc2.bias', 'layers.1.blocks.2.cpe1.bias', 'layers.1.blocks.2.norm1.weight', 'layers.1.blocks.2.norm1.bias', 'layers.1.blocks.2.token_mixer.dt_bias', 'layers.1.blocks.2.token_mixer.A_log', 'layers.1.blocks.2.token_mixer.D', 'layers.1.blocks.2.token_mixer.conv2d.bias', 'layers.1.blocks.2.token_mixer.norm.weight', 'layers.1.blocks.2.token_mixer.norm.bias', 'layers.1.blocks.2.cpe2.bias', 'layers.1.blocks.2.norm2.weight', 'layers.1.blocks.2.norm2.bias', 'layers.1.blocks.2.mlp.fc1.bias', 'layers.1.blocks.2.mlp.fc2.bias', 'layers.1.blocks.3.cpe1.bias', 'layers.1.blocks.3.norm1.weight', 'layers.1.blocks.3.norm1.bias', 'layers.1.blocks.3.token_mixer.dt_bias', 'layers.1.blocks.3.token_mixer.A_log', 'layers.1.blocks.3.token_mixer.D', 'layers.1.blocks.3.token_mixer.conv2d.bias', 'layers.1.blocks.3.token_mixer.norm.weight', 'layers.1.blocks.3.token_mixer.norm.bias', 'layers.1.blocks.3.cpe2.bias', 'layers.1.blocks.3.norm2.weight', 'layers.1.blocks.3.norm2.bias', 'layers.1.blocks.3.mlp.fc1.bias', 'layers.1.blocks.3.mlp.fc2.bias', 'layers.1.downsample.conv.0.conv.bias', 'layers.1.downsample.conv.1.conv.bias', 'layers.1.downsample.conv.2.conv.bias', 'layers.1.downsample.conv.2.norm.weight', 'layers.1.downsample.conv.2.norm.bias', 'layers.2.blocks.0.cpe1.bias', 'layers.2.blocks.0.norm1.weight', 'layers.2.blocks.0.norm1.bias', 'layers.2.blocks.0.token_mixer.dt_bias', 'layers.2.blocks.0.token_mixer.A_log', 'layers.2.blocks.0.token_mixer.D', 'layers.2.blocks.0.token_mixer.conv2d.bias', 'layers.2.blocks.0.token_mixer.norm.weight', 'layers.2.blocks.0.token_mixer.norm.bias', 'layers.2.blocks.0.token_mixer.sa_op.sampling_offsets.bias', 'layers.2.blocks.0.cpe2.bias', 'layers.2.blocks.0.norm2.weight', 'layers.2.blocks.0.norm2.bias', 'layers.2.blocks.0.mlp.fc1.bias', 'layers.2.blocks.0.mlp.fc2.bias', 'layers.2.blocks.1.cpe1.bias', 'layers.2.blocks.1.norm1.weight', 'layers.2.blocks.1.norm1.bias', 'layers.2.blocks.1.token_mixer.dt_bias', 'layers.2.blocks.1.token_mixer.A_log', 'layers.2.blocks.1.token_mixer.D', 'layers.2.blocks.1.token_mixer.conv2d.bias', 'layers.2.blocks.1.token_mixer.norm.weight', 'layers.2.blocks.1.token_mixer.norm.bias', 'layers.2.blocks.1.cpe2.bias', 'layers.2.blocks.1.norm2.weight', 'layers.2.blocks.1.norm2.bias', 'layers.2.blocks.1.mlp.fc1.bias', 'layers.2.blocks.1.mlp.fc2.bias', 'layers.2.blocks.2.cpe1.bias', 'layers.2.blocks.2.norm1.weight', 'layers.2.blocks.2.norm1.bias', 'layers.2.blocks.2.token_mixer.dt_bias', 'layers.2.blocks.2.token_mixer.A_log', 'layers.2.blocks.2.token_mixer.D', 'layers.2.blocks.2.token_mixer.conv2d.bias', 'layers.2.blocks.2.token_mixer.norm.weight', 'layers.2.blocks.2.token_mixer.norm.bias', 'layers.2.blocks.2.cpe2.bias', 'layers.2.blocks.2.norm2.weight', 'layers.2.blocks.2.norm2.bias', 'layers.2.blocks.2.mlp.fc1.bias', 'layers.2.blocks.2.mlp.fc2.bias', 'layers.2.blocks.3.cpe1.bias', 'layers.2.blocks.3.norm1.weight', 'layers.2.blocks.3.norm1.bias', 'layers.2.blocks.3.token_mixer.dt_bias', 'layers.2.blocks.3.token_mixer.A_log', 'layers.2.blocks.3.token_mixer.D', 'layers.2.blocks.3.token_mixer.conv2d.bias', 'layers.2.blocks.3.token_mixer.norm.weight', 'layers.2.blocks.3.token_mixer.norm.bias', 'layers.2.blocks.3.token_mixer.sa_op.sampling_offsets.bias', 'layers.2.blocks.3.cpe2.bias', 'layers.2.blocks.3.norm2.weight', 'layers.2.blocks.3.norm2.bias', 'layers.2.blocks.3.mlp.fc1.bias', 'layers.2.blocks.3.mlp.fc2.bias', 'layers.2.blocks.4.cpe1.bias', 'layers.2.blocks.4.norm1.weight', 'layers.2.blocks.4.norm1.bias', 'layers.2.blocks.4.token_mixer.dt_bias', 'layers.2.blocks.4.token_mixer.A_log', 'layers.2.blocks.4.token_mixer.D', 'layers.2.blocks.4.token_mixer.conv2d.bias', 'layers.2.blocks.4.token_mixer.norm.weight', 'layers.2.blocks.4.token_mixer.norm.bias', 'layers.2.blocks.4.cpe2.bias', 'layers.2.blocks.4.norm2.weight', 'layers.2.blocks.4.norm2.bias', 'layers.2.blocks.4.mlp.fc1.bias', 'layers.2.blocks.4.mlp.fc2.bias', 'layers.2.blocks.5.cpe1.bias', 'layers.2.blocks.5.norm1.weight', 'layers.2.blocks.5.norm1.bias', 'layers.2.blocks.5.token_mixer.dt_bias', 'layers.2.blocks.5.token_mixer.A_log', 'layers.2.blocks.5.token_mixer.D', 'layers.2.blocks.5.token_mixer.conv2d.bias', 'layers.2.blocks.5.token_mixer.norm.weight', 'layers.2.blocks.5.token_mixer.norm.bias', 'layers.2.blocks.5.cpe2.bias', 'layers.2.blocks.5.norm2.weight', 'layers.2.blocks.5.norm2.bias', 'layers.2.blocks.5.mlp.fc1.bias', 'layers.2.blocks.5.mlp.fc2.bias', 'layers.2.blocks.6.cpe1.bias', 'layers.2.blocks.6.norm1.weight', 'layers.2.blocks.6.norm1.bias', 'layers.2.blocks.6.token_mixer.dt_bias', 'layers.2.blocks.6.token_mixer.A_log', 'layers.2.blocks.6.token_mixer.D', 'layers.2.blocks.6.token_mixer.conv2d.bias', 'layers.2.blocks.6.token_mixer.norm.weight', 'layers.2.blocks.6.token_mixer.norm.bias', 'layers.2.blocks.6.token_mixer.sa_op.sampling_offsets.bias', 'layers.2.blocks.6.cpe2.bias', 'layers.2.blocks.6.norm2.weight', 'layers.2.blocks.6.norm2.bias', 'layers.2.blocks.6.mlp.fc1.bias', 'layers.2.blocks.6.mlp.fc2.bias', 'layers.2.blocks.7.cpe1.bias', 'layers.2.blocks.7.norm1.weight', 'layers.2.blocks.7.norm1.bias', 'layers.2.blocks.7.token_mixer.dt_bias', 'layers.2.blocks.7.token_mixer.A_log', 'layers.2.blocks.7.token_mixer.D', 'layers.2.blocks.7.token_mixer.conv2d.bias', 'layers.2.blocks.7.token_mixer.norm.weight', 'layers.2.blocks.7.token_mixer.norm.bias', 'layers.2.blocks.7.cpe2.bias', 'layers.2.blocks.7.norm2.weight', 'layers.2.blocks.7.norm2.bias', 'layers.2.blocks.7.mlp.fc1.bias', 'layers.2.blocks.7.mlp.fc2.bias', 'layers.2.downsample.conv.0.conv.bias', 'layers.2.downsample.conv.1.conv.bias', 'layers.2.downsample.conv.2.conv.bias', 'layers.2.downsample.conv.2.norm.weight', 'layers.2.downsample.conv.2.norm.bias', 'layers.3.blocks.0.cpe1.bias', 'layers.3.blocks.0.norm1.weight', 'layers.3.blocks.0.norm1.bias', 'layers.3.blocks.0.token_mixer.to_out.bias', 'layers.3.blocks.0.cpe2.bias', 'layers.3.blocks.0.norm2.weight', 'layers.3.blocks.0.norm2.bias', 'layers.3.blocks.0.mlp.fc1.bias', 'layers.3.blocks.0.mlp.fc2.bias', 'layers.3.blocks.1.cpe1.bias', 'layers.3.blocks.1.norm1.weight', 'layers.3.blocks.1.norm1.bias', 'layers.3.blocks.1.token_mixer.to_out.bias', 'layers.3.blocks.1.cpe2.bias', 'layers.3.blocks.1.norm2.weight', 'layers.3.blocks.1.norm2.bias', 'layers.3.blocks.1.mlp.fc1.bias', 'layers.3.blocks.1.mlp.fc2.bias', 'layers.3.blocks.2.cpe1.bias', 'layers.3.blocks.2.norm1.weight', 'layers.3.blocks.2.norm1.bias', 'layers.3.blocks.2.token_mixer.to_out.bias', 'layers.3.blocks.2.cpe2.bias', 'layers.3.blocks.2.norm2.weight', 'layers.3.blocks.2.norm2.bias', 'layers.3.blocks.2.mlp.fc1.bias', 'layers.3.blocks.2.mlp.fc2.bias', 'layers.3.blocks.3.cpe1.bias', 'layers.3.blocks.3.norm1.weight', 'layers.3.blocks.3.norm1.bias', 'layers.3.blocks.3.token_mixer.to_out.bias', 'layers.3.blocks.3.cpe2.bias', 'layers.3.blocks.3.norm2.weight', 'layers.3.blocks.3.norm2.bias', 'layers.3.blocks.3.mlp.fc1.bias', 'layers.3.blocks.3.mlp.fc2.bias', 'norm.weight', 'norm.bias', 'head.bias']
[2026-03-25 21:46:15 tiny_tinyimagenet](main.py 217): INFO Start training
/home/jlx_75/miniconda3/envs/pvmamba/lib/python3.10/site-packages/requests/__init__.py:109: RequestsDependencyWarning: urllib3 (1.26.13) or chardet (7.2.0)/charset_normalizer (2.1.1) doesn't match a supported version!
  warnings.warn(
/home/jlx_75/miniconda3/envs/pvmamba/lib/python3.10/site-packages/requests/__init__.py:109: RequestsDependencyWarning: urllib3 (1.26.13) or chardet (7.2.0)/charset_normalizer (2.1.1) doesn't match a supported version!
  warnings.warn(
/home/jlx_75/miniconda3/envs/pvmamba/lib/python3.10/site-packages/requests/__init__.py:109: RequestsDependencyWarning: urllib3 (1.26.13) or chardet (7.2.0)/charset_normalizer (2.1.1) doesn't match a supported version!
  warnings.warn(
/home/jlx_75/miniconda3/envs/pvmamba/lib/python3.10/site-packages/requests/__init__.py:109: RequestsDependencyWarning: urllib3 (1.26.13) or chardet (7.2.0)/charset_normalizer (2.1.1) doesn't match a supported version!
  warnings.warn(
/home/jlx_75/miniconda3/envs/pvmamba/lib/python3.10/site-packages/requests/__init__.py:109: RequestsDependencyWarning: urllib3 (1.26.13) or chardet (7.2.0)/charset_normalizer (2.1.1) doesn't match a supported version!
  warnings.warn(
/home/jlx_75/miniconda3/envs/pvmamba/lib/python3.10/site-packages/requests/__init__.py:109: RequestsDependencyWarning: urllib3 (1.26.13) or chardet (7.2.0)/charset_normalizer (2.1.1) doesn't match a supported version!
  warnings.warn(
/home/jlx_75/miniconda3/envs/pvmamba/lib/python3.10/site-packages/requests/__init__.py:109: RequestsDependencyWarning: urllib3 (1.26.13) or chardet (7.2.0)/charset_normalizer (2.1.1) doesn't match a supported version!
  warnings.warn(
/home/jlx_75/miniconda3/envs/pvmamba/lib/python3.10/site-packages/requests/__init__.py:109: RequestsDependencyWarning: urllib3 (1.26.13) or chardet (7.2.0)/charset_normalizer (2.1.1) doesn't match a supported version!
  warnings.warn(
/home/jlx_75/miniconda3/envs/pvmamba/lib/python3.10/site-packages/requests/__init__.py:109: RequestsDependencyWarning: urllib3 (1.26.13) or chardet (7.2.0)/charset_normalizer (2.1.1) doesn't match a supported version!
  warnings.warn(
/home/jlx_75/miniconda3/envs/pvmamba/lib/python3.10/site-packages/requests/__init__.py:109: RequestsDependencyWarning: urllib3 (1.26.13) or chardet (7.2.0)/charset_normalizer (2.1.1) doesn't match a supported version!
  warnings.warn(
/home/jlx_75/miniconda3/envs/pvmamba/lib/python3.10/site-packages/requests/__init__.py:109: RequestsDependencyWarning: urllib3 (1.26.13) or chardet (7.2.0)/charset_normalizer (2.1.1) doesn't match a supported version!
  warnings.warn(
/home/jlx_75/miniconda3/envs/pvmamba/lib/python3.10/site-packages/requests/__init__.py:109: RequestsDependencyWarning: urllib3 (1.26.13) or chardet (7.2.0)/charset_normalizer (2.1.1) doesn't match a supported version!
  warnings.warn(
/home/jlx_75/miniconda3/envs/pvmamba/lib/python3.10/site-packages/requests/__init__.py:109: RequestsDependencyWarning: urllib3 (1.26.13) or chardet (7.2.0)/charset_normalizer (2.1.1) doesn't match a supported version!
  warnings.warn(
/home/jlx_75/miniconda3/envs/pvmamba/lib/python3.10/site-packages/requests/__init__.py:109: RequestsDependencyWarning: urllib3 (1.26.13) or chardet (7.2.0)/charset_normalizer (2.1.1) doesn't match a supported version!
  warnings.warn(
/home/jlx_75/miniconda3/envs/pvmamba/lib/python3.10/site-packages/requests/__init__.py:109: RequestsDependencyWarning: urllib3 (1.26.13) or chardet (7.2.0)/charset_normalizer (2.1.1) doesn't match a supported version!
  warnings.warn(
/home/jlx_75/miniconda3/envs/pvmamba/lib/python3.10/site-packages/requests/__init__.py:109: RequestsDependencyWarning: urllib3 (1.26.13) or chardet (7.2.0)/charset_normalizer (2.1.1) doesn't match a supported version!
  warnings.warn(
/home/jlx_75/miniconda3/envs/pvmamba/lib/python3.10/site-packages/torch/functional.py:504: UserWarning: torch.meshgrid: in an upcoming release, it will be required to pass the indexing argument. (Triggered internally at ../aten/src/ATen/native/TensorShape.cpp:3526.)
  return _VF.meshgrid(tensors, **kwargs)  # type: ignore[attr-defined]
[2026-03-25 21:46:33 tiny_tinyimagenet](main.py 348): INFO Train: [0/1][0/781]	eta 3:43:20 lr 0.000125	 wd 0.0500	time 17.1576 (17.1576)	data time 13.5930 (13.5930)	model time 0.0000 (0.0000)	loss 5.3126 (5.3126)	grad_norm 3.7576 (3.7576)	loss_scale 65536.0000 (65536.0000)	mem 1642MB
[2026-03-25 21:46:34 tiny_tinyimagenet](main.py 348): INFO Train: [0/1][10/781]	eta 0:21:32 lr 0.000125	 wd 0.0500	time 0.1105 (1.6769)	data time 0.0007 (1.2364)	model time 0.0000 (0.0000)	loss 5.3247 (5.3453)	grad_norm 2.6983 (2.9609)	loss_scale 65536.0000 (65536.0000)	mem 1581MB
[2026-03-25 21:46:35 tiny_tinyimagenet](main.py 348): INFO Train: [0/1][20/781]	eta 0:11:47 lr 0.000125	 wd 0.0500	time 0.1123 (0.9302)	data time 0.0005 (0.6479)	model time 0.0000 (0.0000)	loss 5.3076 (5.3414)	grad_norm 2.2676 (2.7370)	loss_scale 65536.0000 (65536.0000)	mem 1581MB
[2026-03-25 21:46:36 tiny_tinyimagenet](main.py 348): INFO Train: [0/1][30/781]	eta 0:08:19 lr 0.000125	 wd 0.0500	time 0.1040 (0.6656)	data time 0.0006 (0.4391)	model time 0.0000 (0.0000)	loss 5.3494 (5.3407)	grad_norm 1.9122 (2.5497)	loss_scale 65536.0000 (65536.0000)	mem 1581MB
[2026-03-25 21:46:37 tiny_tinyimagenet](main.py 348): INFO Train: [0/1][40/781]	eta 0:06:32 lr 0.000124	 wd 0.0500	time 0.1047 (0.5294)	data time 0.0007 (0.3322)	model time 0.0000 (0.0000)	loss 5.3014 (5.3364)	grad_norm 1.6525 (2.3648)	loss_scale 65536.0000 (65536.0000)	mem 1581MB
[2026-03-25 21:46:38 tiny_tinyimagenet](main.py 348): INFO Train: [0/1][50/781]	eta 0:05:27 lr 0.000124	 wd 0.0500	time 0.1043 (0.4476)	data time 0.0006 (0.2672)	model time 0.0000 (0.0000)	loss 5.3394 (5.3329)	grad_norm 1.3980 (2.1948)	loss_scale 65536.0000 (65536.0000)	mem 1581MB
[2026-03-25 21:46:39 tiny_tinyimagenet](main.py 348): INFO Train: [0/1][60/781]	eta 0:04:42 lr 0.000123	 wd 0.0500	time 0.1037 (0.3917)	data time 0.0006 (0.2235)	model time 0.1031 (0.1061)	loss 5.2798 (5.3275)	grad_norm 1.2464 (2.0597)	loss_scale 65536.0000 (65536.0000)	mem 1581MB
[2026-03-25 21:46:40 tiny_tinyimagenet](main.py 348): INFO Train: [0/1][70/781]	eta 0:04:10 lr 0.000123	 wd 0.0500	time 0.1116 (0.3524)	data time 0.0007 (0.1921)	model time 0.1109 (0.1091)	loss 5.2810 (5.3227)	grad_norm 1.2747 (1.9519)	loss_scale 65536.0000 (65536.0000)	mem 1581MB
[2026-03-25 21:46:42 tiny_tinyimagenet](main.py 348): INFO Train: [0/1][80/781]	eta 0:03:46 lr 0.000122	 wd 0.0500	time 0.1131 (0.3232)	data time 0.0006 (0.1684)	model time 0.1126 (0.1112)	loss 5.3001 (5.3202)	grad_norm 1.0835 (1.8519)	loss_scale 65536.0000 (65536.0000)	mem 1581MB
[2026-03-25 21:46:43 tiny_tinyimagenet](main.py 348): INFO Train: [0/1][90/781]	eta 0:03:27 lr 0.000121	 wd 0.0500	time 0.1088 (0.3005)	data time 0.0005 (0.1500)	model time 0.1083 (0.1124)	loss 5.2855 (5.3159)	grad_norm 1.2673 (1.7844)	loss_scale 65536.0000 (65536.0000)	mem 1581MB
[2026-03-25 21:46:44 tiny_tinyimagenet](main.py 348): INFO Train: [0/1][100/781]	eta 0:03:11 lr 0.000120	 wd 0.0500	time 0.1045 (0.2816)	data time 0.0005 (0.1352)	model time 0.1041 (0.1118)	loss 5.3195 (5.3134)	grad_norm 1.2200 (1.7260)	loss_scale 65536.0000 (65536.0000)	mem 1581MB
[2026-03-25 21:46:45 tiny_tinyimagenet](main.py 348): INFO Train: [0/1][110/781]	eta 0:02:58 lr 0.000119	 wd 0.0500	time 0.1060 (0.2660)	data time 0.0005 (0.1231)	model time 0.1055 (0.1111)	loss 5.2654 (5.3109)	grad_norm 1.1664 (1.6811)	loss_scale 65536.0000 (65536.0000)	mem 1581MB
[2026-03-25 21:46:46 tiny_tinyimagenet](main.py 348): INFO Train: [0/1][120/781]	eta 0:02:47 lr 0.000118	 wd 0.0500	time 0.1108 (0.2529)	data time 0.0007 (0.1130)	model time 0.1101 (0.1105)	loss 5.2584 (5.3075)	grad_norm 1.1786 (1.6470)	loss_scale 65536.0000 (65536.0000)	mem 1581MB
[2026-03-25 21:46:47 tiny_tinyimagenet](main.py 348): INFO Train: [0/1][130/781]	eta 0:02:37 lr 0.000117	 wd 0.0500	time 0.1174 (0.2422)	data time 0.0007 (0.1044)	model time 0.1167 (0.1107)	loss 5.2712 (5.3052)	grad_norm 1.1517 (1.6126)	loss_scale 65536.0000 (65536.0000)	mem 1581MB
[2026-03-25 21:46:48 tiny_tinyimagenet](main.py 348): INFO Train: [0/1][140/781]	eta 0:02:29 lr 0.000115	 wd 0.0500	time 0.1075 (0.2329)	data time 0.0006 (0.0970)	model time 0.1069 (0.1107)	loss 5.2613 (5.3014)	grad_norm 1.2497 (1.5864)	loss_scale 65536.0000 (65536.0000)	mem 1581MB
[2026-03-25 21:46:49 tiny_tinyimagenet](main.py 348): INFO Train: [0/1][150/781]	eta 0:02:21 lr 0.000114	 wd 0.0500	time 0.1047 (0.2249)	data time 0.0006 (0.0906)	model time 0.1041 (0.1106)	loss 5.2385 (5.2996)	grad_norm 1.0334 (1.5610)	loss_scale 65536.0000 (65536.0000)	mem 1581MB
[2026-03-25 21:46:50 tiny_tinyimagenet](main.py 348): INFO Train: [0/1][160/781]	eta 0:02:15 lr 0.000113	 wd 0.0500	time 0.1040 (0.2176)	data time 0.0005 (0.0851)	model time 0.1035 (0.1104)	loss 5.2843 (5.2980)	grad_norm 1.2812 (1.5465)	loss_scale 65536.0000 (65536.0000)	mem 1581MB
[2026-03-25 21:46:51 tiny_tinyimagenet](main.py 348): INFO Train: [0/1][170/781]	eta 0:02:09 lr 0.000111	 wd 0.0500	time 0.1063 (0.2114)	data time 0.0006 (0.0801)	model time 0.1057 (0.1104)	loss 5.2276 (5.2958)	grad_norm 1.3340 (1.5369)	loss_scale 65536.0000 (65536.0000)	mem 1581MB
[2026-03-25 21:46:53 tiny_tinyimagenet](main.py 348): INFO Train: [0/1][180/781]	eta 0:02:03 lr 0.000109	 wd 0.0500	time 0.1125 (0.2059)	data time 0.0005 (0.0757)	model time 0.1120 (0.1105)	loss 5.3090 (5.2935)	grad_norm 1.2628 (1.5281)	loss_scale 65536.0000 (65536.0000)	mem 1581MB
[2026-03-25 21:46:54 tiny_tinyimagenet](main.py 348): INFO Train: [0/1][190/781]	eta 0:01:58 lr 0.000108	 wd 0.0500	time 0.1078 (0.2008)	data time 0.0005 (0.0718)	model time 0.1073 (0.1103)	loss 5.2190 (5.2910)	grad_norm 1.3297 (1.5170)	loss_scale 65536.0000 (65536.0000)	mem 1581MB
[2026-03-25 21:46:55 tiny_tinyimagenet](main.py 348): INFO Train: [0/1][200/781]	eta 0:01:54 lr 0.000106	 wd 0.0500	time 0.1094 (0.1964)	data time 0.0006 (0.0682)	model time 0.1089 (0.1103)	loss 5.2712 (5.2893)	grad_norm 1.2426 (1.5068)	loss_scale 65536.0000 (65536.0000)	mem 1581MB
[2026-03-25 21:46:56 tiny_tinyimagenet](main.py 348): INFO Train: [0/1][210/781]	eta 0:01:49 lr 0.000104	 wd 0.0500	time 0.1060 (0.1922)	data time 0.0006 (0.0650)	model time 0.1054 (0.1102)	loss 5.2437 (5.2873)	grad_norm 1.2371 (1.4963)	loss_scale 65536.0000 (65536.0000)	mem 1581MB
[2026-03-25 21:46:57 tiny_tinyimagenet](main.py 348): INFO Train: [0/1][220/781]	eta 0:01:45 lr 0.000102	 wd 0.0500	time 0.1032 (0.1884)	data time 0.0006 (0.0621)	model time 0.1026 (0.1101)	loss 5.2340 (5.2857)	grad_norm 1.1598 (1.4837)	loss_scale 65536.0000 (65536.0000)	mem 1581MB
[2026-03-25 21:46:58 tiny_tinyimagenet](main.py 348): INFO Train: [0/1][230/781]	eta 0:01:41 lr 0.000100	 wd 0.0500	time 0.1148 (0.1850)	data time 0.0005 (0.0595)	model time 0.1143 (0.1100)	loss 5.2787 (5.2844)	grad_norm 1.2348 (1.4744)	loss_scale 65536.0000 (65536.0000)	mem 1581MB
[2026-03-25 21:46:59 tiny_tinyimagenet](main.py 348): INFO Train: [0/1][240/781]	eta 0:01:38 lr 0.000098	 wd 0.0500	time 0.1158 (0.1820)	data time 0.0006 (0.0570)	model time 0.1152 (0.1101)	loss 5.2492 (5.2830)	grad_norm 1.4158 (1.4665)	loss_scale 65536.0000 (65536.0000)	mem 1581MB
[2026-03-25 21:47:00 tiny_tinyimagenet](main.py 348): INFO Train: [0/1][250/781]	eta 0:01:35 lr 0.000096	 wd 0.0500	time 0.1051 (0.1791)	data time 0.0004 (0.0548)	model time 0.1047 (0.1100)	loss 5.2356 (5.2808)	grad_norm 1.2350 (1.4606)	loss_scale 65536.0000 (65536.0000)	mem 1581MB
[2026-03-25 21:47:01 tiny_tinyimagenet](main.py 348): INFO Train: [0/1][260/781]	eta 0:01:32 lr 0.000094	 wd 0.0500	time 0.1156 (0.1766)	data time 0.0005 (0.0527)	model time 0.1150 (0.1102)	loss 5.1333 (5.2787)	grad_norm 1.3149 (1.4574)	loss_scale 65536.0000 (65536.0000)	mem 1581MB
[2026-03-25 21:47:03 tiny_tinyimagenet](main.py 348): INFO Train: [0/1][270/781]	eta 0:01:28 lr 0.000092	 wd 0.0500	time 0.1062 (0.1741)	data time 0.0005 (0.0508)	model time 0.1057 (0.1101)	loss 5.1743 (5.2772)	grad_norm 1.2976 (1.4518)	loss_scale 65536.0000 (65536.0000)	mem 1581MB
[2026-03-25 21:47:04 tiny_tinyimagenet](main.py 348): INFO Train: [0/1][280/781]	eta 0:01:26 lr 0.000090	 wd 0.0500	time 0.1074 (0.1721)	data time 0.0007 (0.0490)	model time 0.1067 (0.1104)	loss 5.2445 (5.2762)	grad_norm 1.1472 (1.4446)	loss_scale 65536.0000 (65536.0000)	mem 1581MB
[2026-03-25 21:47:05 tiny_tinyimagenet](main.py 348): INFO Train: [0/1][290/781]	eta 0:01:23 lr 0.000087	 wd 0.0500	time 0.1060 (0.1700)	data time 0.0004 (0.0473)	model time 0.1055 (0.1104)	loss 5.2126 (5.2743)	grad_norm 1.1747 (1.4394)	loss_scale 65536.0000 (65536.0000)	mem 1581MB
[2026-03-25 21:47:06 tiny_tinyimagenet](main.py 348): INFO Train: [0/1][300/781]	eta 0:01:20 lr 0.000085	 wd 0.0500	time 0.1091 (0.1679)	data time 0.0006 (0.0458)	model time 0.1085 (0.1103)	loss 5.2261 (5.2733)	grad_norm 1.2232 (1.4347)	loss_scale 65536.0000 (65536.0000)	mem 1581MB
[2026-03-25 21:47:07 tiny_tinyimagenet](main.py 348): INFO Train: [0/1][310/781]	eta 0:01:18 lr 0.000083	 wd 0.0500	time 0.1143 (0.1661)	data time 0.0006 (0.0443)	model time 0.1137 (0.1103)	loss 5.2278 (5.2711)	grad_norm 1.3841 (1.4365)	loss_scale 65536.0000 (65536.0000)	mem 1581MB
[2026-03-25 21:47:08 tiny_tinyimagenet](main.py 348): INFO Train: [0/1][320/781]	eta 0:01:15 lr 0.000080	 wd 0.0500	time 0.1073 (0.1644)	data time 0.0007 (0.0430)	model time 0.1066 (0.1103)	loss 5.2566 (5.2697)	grad_norm 1.4311 (1.4394)	loss_scale 65536.0000 (65536.0000)	mem 1581MB
[2026-03-25 21:47:09 tiny_tinyimagenet](main.py 348): INFO Train: [0/1][330/781]	eta 0:01:13 lr 0.000078	 wd 0.0500	time 0.1052 (0.1628)	data time 0.0004 (0.0417)	model time 0.1047 (0.1103)	loss 5.2109 (5.2692)	grad_norm 1.4869 (1.4407)	loss_scale 65536.0000 (65536.0000)	mem 1581MB
[2026-03-25 21:47:10 tiny_tinyimagenet](main.py 348): INFO Train: [0/1][340/781]	eta 0:01:11 lr 0.000076	 wd 0.0500	time 0.1052 (0.1612)	data time 0.0005 (0.0405)	model time 0.1047 (0.1103)	loss 5.2494 (5.2680)	grad_norm 1.2475 (1.4417)	loss_scale 65536.0000 (65536.0000)	mem 1581MB
[2026-03-25 21:47:11 tiny_tinyimagenet](main.py 348): INFO Train: [0/1][350/781]	eta 0:01:08 lr 0.000073	 wd 0.0500	time 0.1124 (0.1598)	data time 0.0005 (0.0393)	model time 0.1119 (0.1103)	loss 5.2459 (5.2667)	grad_norm 1.4162 (1.4419)	loss_scale 65536.0000 (65536.0000)	mem 1581MB
[2026-03-25 21:47:13 tiny_tinyimagenet](main.py 348): INFO Train: [0/1][360/781]	eta 0:01:06 lr 0.000071	 wd 0.0500	time 0.1184 (0.1584)	data time 0.0006 (0.0383)	model time 0.1178 (0.1102)	loss 5.2150 (5.2648)	grad_norm 1.7149 (1.4451)	loss_scale 65536.0000 (65536.0000)	mem 1581MB
[2026-03-25 21:47:14 tiny_tinyimagenet](main.py 348): INFO Train: [0/1][370/781]	eta 0:01:04 lr 0.000068	 wd 0.0500	time 0.1044 (0.1571)	data time 0.0006 (0.0372)	model time 0.1038 (0.1102)	loss 5.1869 (5.2632)	grad_norm 1.5173 (1.4460)	loss_scale 65536.0000 (65536.0000)	mem 1581MB
[2026-03-25 21:47:15 tiny_tinyimagenet](main.py 348): INFO Train: [0/1][380/781]	eta 0:01:02 lr 0.000066	 wd 0.0500	time 0.1034 (0.1558)	data time 0.0004 (0.0363)	model time 0.1030 (0.1101)	loss 5.2674 (5.2620)	grad_norm 1.4391 (1.4461)	loss_scale 65536.0000 (65536.0000)	mem 1581MB
[2026-03-25 21:47:16 tiny_tinyimagenet](main.py 348): INFO Train: [0/1][390/781]	eta 0:01:00 lr 0.000063	 wd 0.0500	time 0.1058 (0.1546)	data time 0.0004 (0.0354)	model time 0.1054 (0.1101)	loss 5.2650 (5.2617)	grad_norm 1.8420 (1.4485)	loss_scale 65536.0000 (65536.0000)	mem 1581MB
[2026-03-25 21:47:17 tiny_tinyimagenet](main.py 348): INFO Train: [0/1][400/781]	eta 0:00:58 lr 0.000061	 wd 0.0500	time 0.1143 (0.1536)	data time 0.0005 (0.0345)	model time 0.1138 (0.1101)	loss 5.1639 (5.2598)	grad_norm 1.5322 (1.4510)	loss_scale 65536.0000 (65536.0000)	mem 1581MB
[2026-03-25 21:47:18 tiny_tinyimagenet](main.py 348): INFO Train: [0/1][410/781]	eta 0:00:56 lr 0.000058	 wd 0.0500	time 0.1137 (0.1525)	data time 0.0005 (0.0337)	model time 0.1132 (0.1101)	loss 5.2142 (5.2586)	grad_norm 1.4238 (1.4519)	loss_scale 65536.0000 (65536.0000)	mem 1581MB
[2026-03-25 21:47:19 tiny_tinyimagenet](main.py 348): INFO Train: [0/1][420/781]	eta 0:00:54 lr 0.000056	 wd 0.0500	time 0.1036 (0.1516)	data time 0.0005 (0.0329)	model time 0.1031 (0.1103)	loss 5.2141 (5.2580)	grad_norm 1.5379 (1.4540)	loss_scale 65536.0000 (65536.0000)	mem 1581MB
[2026-03-25 21:47:20 tiny_tinyimagenet](main.py 348): INFO Train: [0/1][430/781]	eta 0:00:52 lr 0.000053	 wd 0.0500	time 0.1054 (0.1506)	data time 0.0004 (0.0321)	model time 0.1049 (0.1102)	loss 5.1887 (5.2561)	grad_norm 1.7906 (1.4566)	loss_scale 65536.0000 (65536.0000)	mem 1581MB
[2026-03-25 21:47:21 tiny_tinyimagenet](main.py 348): INFO Train: [0/1][440/781]	eta 0:00:51 lr 0.000051	 wd 0.0500	time 0.1151 (0.1497)	data time 0.0006 (0.0314)	model time 0.1145 (0.1102)	loss 5.2371 (5.2548)	grad_norm 1.4722 (1.4606)	loss_scale 65536.0000 (65536.0000)	mem 1581MB
[2026-03-25 21:47:22 tiny_tinyimagenet](main.py 348): INFO Train: [0/1][450/781]	eta 0:00:49 lr 0.000048	 wd 0.0500	time 0.1068 (0.1488)	data time 0.0004 (0.0307)	model time 0.1063 (0.1102)	loss 5.2453 (5.2542)	grad_norm 1.7226 (1.4670)	loss_scale 65536.0000 (65536.0000)	mem 1581MB
[2026-03-25 21:47:24 tiny_tinyimagenet](main.py 348): INFO Train: [0/1][460/781]	eta 0:00:47 lr 0.000046	 wd 0.0500	time 0.1051 (0.1479)	data time 0.0004 (0.0301)	model time 0.1047 (0.1101)	loss 5.3210 (5.2537)	grad_norm 1.6822 (1.4704)	loss_scale 65536.0000 (65536.0000)	mem 1581MB
[2026-03-25 21:47:25 tiny_tinyimagenet](main.py 348): INFO Train: [0/1][470/781]	eta 0:00:45 lr 0.000044	 wd 0.0500	time 0.1135 (0.1471)	data time 0.0004 (0.0294)	model time 0.1130 (0.1100)	loss 5.1996 (5.2523)	grad_norm 1.7788 (1.4722)	loss_scale 65536.0000 (65536.0000)	mem 1581MB
[2026-03-25 21:47:26 tiny_tinyimagenet](main.py 348): INFO Train: [0/1][480/781]	eta 0:00:44 lr 0.000041	 wd 0.0500	time 0.1058 (0.1463)	data time 0.0004 (0.0288)	model time 0.1054 (0.1100)	loss 5.1359 (5.2512)	grad_norm 1.8027 (1.4782)	loss_scale 65536.0000 (65536.0000)	mem 1581MB
[2026-03-25 21:47:27 tiny_tinyimagenet](main.py 348): INFO Train: [0/1][490/781]	eta 0:00:42 lr 0.000039	 wd 0.0500	time 0.1065 (0.1456)	data time 0.0004 (0.0283)	model time 0.1061 (0.1101)	loss 5.1785 (5.2497)	grad_norm 1.7100 (1.4828)	loss_scale 65536.0000 (65536.0000)	mem 1581MB
[2026-03-25 21:47:28 tiny_tinyimagenet](main.py 348): INFO Train: [0/1][500/781]	eta 0:00:40 lr 0.000037	 wd 0.0500	time 0.1079 (0.1449)	data time 0.0006 (0.0277)	model time 0.1073 (0.1101)	loss 5.2089 (5.2488)	grad_norm 1.8410 (1.4901)	loss_scale 65536.0000 (65536.0000)	mem 1581MB
[2026-03-25 21:47:29 tiny_tinyimagenet](main.py 348): INFO Train: [0/1][510/781]	eta 0:00:39 lr 0.000035	 wd 0.0500	time 0.1095 (0.1443)	data time 0.0004 (0.0272)	model time 0.1091 (0.1101)	loss 5.2328 (5.2480)	grad_norm 2.0035 (1.4991)	loss_scale 65536.0000 (65536.0000)	mem 1581MB
[2026-03-25 21:47:30 tiny_tinyimagenet](main.py 348): INFO Train: [0/1][520/781]	eta 0:00:37 lr 0.000032	 wd 0.0500	time 0.1189 (0.1436)	data time 0.0005 (0.0267)	model time 0.1183 (0.1101)	loss 5.1450 (5.2466)	grad_norm 1.8359 (1.5059)	loss_scale 65536.0000 (65536.0000)	mem 1581MB
[2026-03-25 21:47:31 tiny_tinyimagenet](main.py 348): INFO Train: [0/1][530/781]	eta 0:00:35 lr 0.000030	 wd 0.0500	time 0.1049 (0.1430)	data time 0.0005 (0.0262)	model time 0.1044 (0.1101)	loss 5.0418 (5.2449)	grad_norm 1.7901 (1.5117)	loss_scale 65536.0000 (65536.0000)	mem 1581MB
[2026-03-25 21:47:32 tiny_tinyimagenet](main.py 348): INFO Train: [0/1][540/781]	eta 0:00:34 lr 0.000028	 wd 0.0500	time 0.1077 (0.1425)	data time 0.0006 (0.0257)	model time 0.1071 (0.1101)	loss 5.1895 (5.2445)	grad_norm 1.7453 (1.5163)	loss_scale 65536.0000 (65536.0000)	mem 1581MB
[2026-03-25 21:47:34 tiny_tinyimagenet](main.py 348): INFO Train: [0/1][550/781]	eta 0:00:32 lr 0.000026	 wd 0.0500	time 0.1123 (0.1419)	data time 0.0005 (0.0253)	model time 0.1118 (0.1101)	loss 5.2498 (5.2436)	grad_norm 2.2438 (1.5221)	loss_scale 65536.0000 (65536.0000)	mem 1581MB
[2026-03-25 21:47:35 tiny_tinyimagenet](main.py 348): INFO Train: [0/1][560/781]	eta 0:00:31 lr 0.000024	 wd 0.0500	time 0.1157 (0.1413)	data time 0.0005 (0.0248)	model time 0.1152 (0.1101)	loss 5.2517 (5.2428)	grad_norm 2.0736 (1.5285)	loss_scale 65536.0000 (65536.0000)	mem 1581MB
[2026-03-25 21:47:36 tiny_tinyimagenet](main.py 348): INFO Train: [0/1][570/781]	eta 0:00:29 lr 0.000022	 wd 0.0500	time 0.1072 (0.1407)	data time 0.0005 (0.0244)	model time 0.1067 (0.1101)	loss 5.1351 (5.2420)	grad_norm 2.0420 (1.5332)	loss_scale 65536.0000 (65536.0000)	mem 1581MB
[2026-03-25 21:47:37 tiny_tinyimagenet](main.py 348): INFO Train: [0/1][580/781]	eta 0:00:28 lr 0.000020	 wd 0.0500	time 0.1067 (0.1402)	data time 0.0005 (0.0240)	model time 0.1063 (0.1101)	loss 5.1503 (5.2408)	grad_norm 1.6979 (1.5398)	loss_scale 65536.0000 (65536.0000)	mem 1581MB
[2026-03-25 21:47:38 tiny_tinyimagenet](main.py 348): INFO Train: [0/1][590/781]	eta 0:00:26 lr 0.000019	 wd 0.0500	time 0.1082 (0.1397)	data time 0.0004 (0.0236)	model time 0.1077 (0.1100)	loss 5.2267 (5.2401)	grad_norm 1.7598 (1.5462)	loss_scale 65536.0000 (65536.0000)	mem 1581MB
[2026-03-25 21:47:39 tiny_tinyimagenet](main.py 348): INFO Train: [0/1][600/781]	eta 0:00:25 lr 0.000017	 wd 0.0500	time 0.1114 (0.1392)	data time 0.0005 (0.0232)	model time 0.1108 (0.1100)	loss 5.1280 (5.2389)	grad_norm 1.8418 (1.5535)	loss_scale 65536.0000 (65536.0000)	mem 1581MB
[2026-03-25 21:47:40 tiny_tinyimagenet](main.py 348): INFO Train: [0/1][610/781]	eta 0:00:23 lr 0.000015	 wd 0.0500	time 0.1164 (0.1387)	data time 0.0005 (0.0228)	model time 0.1160 (0.1100)	loss 5.2037 (5.2374)	grad_norm 2.1099 (1.5590)	loss_scale 65536.0000 (65536.0000)	mem 1581MB
[2026-03-25 21:47:41 tiny_tinyimagenet](main.py 348): INFO Train: [0/1][620/781]	eta 0:00:22 lr 0.000014	 wd 0.0500	time 0.1070 (0.1382)	data time 0.0006 (0.0225)	model time 0.1064 (0.1100)	loss 5.0866 (5.2360)	grad_norm 2.3873 (1.5655)	loss_scale 65536.0000 (65536.0000)	mem 1581MB
[2026-03-25 21:47:42 tiny_tinyimagenet](main.py 348): INFO Train: [0/1][630/781]	eta 0:00:20 lr 0.000012	 wd 0.0500	time 0.1052 (0.1378)	data time 0.0005 (0.0221)	model time 0.1047 (0.1100)	loss 5.1282 (5.2354)	grad_norm 2.2549 (1.5716)	loss_scale 65536.0000 (65536.0000)	mem 1581MB
[2026-03-25 21:47:43 tiny_tinyimagenet](main.py 348): INFO Train: [0/1][640/781]	eta 0:00:19 lr 0.000011	 wd 0.0500	time 0.1079 (0.1373)	data time 0.0005 (0.0218)	model time 0.1074 (0.1099)	loss 5.2199 (5.2345)	grad_norm 2.0028 (1.5794)	loss_scale 65536.0000 (65536.0000)	mem 1581MB
[2026-03-25 21:47:44 tiny_tinyimagenet](main.py 348): INFO Train: [0/1][650/781]	eta 0:00:17 lr 0.000010	 wd 0.0500	time 0.1058 (0.1369)	data time 0.0004 (0.0215)	model time 0.1054 (0.1099)	loss 5.1668 (5.2336)	grad_norm 1.8331 (1.5858)	loss_scale 65536.0000 (65536.0000)	mem 1581MB
[2026-03-25 21:47:46 tiny_tinyimagenet](main.py 348): INFO Train: [0/1][660/781]	eta 0:00:16 lr 0.000008	 wd 0.0500	time 0.1040 (0.1364)	data time 0.0005 (0.0211)	model time 0.1035 (0.1098)	loss 5.1769 (5.2326)	grad_norm 1.8053 (1.5901)	loss_scale 65536.0000 (65536.0000)	mem 1581MB
[2026-03-25 21:47:47 tiny_tinyimagenet](main.py 348): INFO Train: [0/1][670/781]	eta 0:00:15 lr 0.000007	 wd 0.0500	time 0.1079 (0.1360)	data time 0.0005 (0.0208)	model time 0.1074 (0.1098)	loss 5.2151 (5.2319)	grad_norm 1.7564 (1.5954)	loss_scale 65536.0000 (65536.0000)	mem 1581MB
[2026-03-25 21:47:48 tiny_tinyimagenet](main.py 348): INFO Train: [0/1][680/781]	eta 0:00:13 lr 0.000006	 wd 0.0500	time 0.1093 (0.1357)	data time 0.0005 (0.0205)	model time 0.1088 (0.1099)	loss 5.1693 (5.2315)	grad_norm 1.8693 (1.5997)	loss_scale 65536.0000 (65536.0000)	mem 1581MB
[2026-03-25 21:47:49 tiny_tinyimagenet](main.py 348): INFO Train: [0/1][690/781]	eta 0:00:12 lr 0.000005	 wd 0.0500	time 0.1068 (0.1353)	data time 0.0006 (0.0203)	model time 0.1062 (0.1099)	loss 5.2093 (5.2306)	grad_norm 1.7879 (1.6033)	loss_scale 65536.0000 (65536.0000)	mem 1581MB
[2026-03-25 21:47:50 tiny_tinyimagenet](main.py 348): INFO Train: [0/1][700/781]	eta 0:00:10 lr 0.000005	 wd 0.0500	time 0.1033 (0.1349)	data time 0.0006 (0.0200)	model time 0.1027 (0.1098)	loss 5.1507 (5.2300)	grad_norm 1.9471 (1.6090)	loss_scale 65536.0000 (65536.0000)	mem 1581MB
[2026-03-25 21:47:51 tiny_tinyimagenet](main.py 348): INFO Train: [0/1][710/781]	eta 0:00:09 lr 0.000004	 wd 0.0500	time 0.1086 (0.1346)	data time 0.0004 (0.0197)	model time 0.1082 (0.1098)	loss 5.1029 (5.2292)	grad_norm 2.2174 (1.6134)	loss_scale 65536.0000 (65536.0000)	mem 1581MB
[2026-03-25 21:47:52 tiny_tinyimagenet](main.py 348): INFO Train: [0/1][720/781]	eta 0:00:08 lr 0.000003	 wd 0.0500	time 0.1193 (0.1343)	data time 0.0005 (0.0194)	model time 0.1187 (0.1098)	loss 5.0100 (5.2284)	grad_norm 1.8172 (1.6179)	loss_scale 65536.0000 (65536.0000)	mem 1581MB
[2026-03-25 21:47:53 tiny_tinyimagenet](main.py 348): INFO Train: [0/1][730/781]	eta 0:00:06 lr 0.000003	 wd 0.0500	time 0.1065 (0.1340)	data time 0.0007 (0.0192)	model time 0.1058 (0.1099)	loss 5.2376 (5.2276)	grad_norm 1.9951 (1.6220)	loss_scale 65536.0000 (65536.0000)	mem 1581MB
[2026-03-25 21:47:54 tiny_tinyimagenet](main.py 348): INFO Train: [0/1][740/781]	eta 0:00:05 lr 0.000002	 wd 0.0500	time 0.1073 (0.1336)	data time 0.0004 (0.0189)	model time 0.1069 (0.1099)	loss 5.0171 (5.2274)	grad_norm 1.9149 (1.6253)	loss_scale 65536.0000 (65536.0000)	mem 1581MB
[2026-03-25 21:47:55 tiny_tinyimagenet](main.py 348): INFO Train: [0/1][750/781]	eta 0:00:04 lr 0.000002	 wd 0.0500	time 0.1090 (0.1333)	data time 0.0005 (0.0187)	model time 0.1085 (0.1099)	loss 5.1685 (5.2265)	grad_norm 2.1298 (1.6316)	loss_scale 65536.0000 (65536.0000)	mem 1581MB
[2026-03-25 21:47:57 tiny_tinyimagenet](main.py 348): INFO Train: [0/1][760/781]	eta 0:00:02 lr 0.000001	 wd 0.0500	time 0.1159 (0.1331)	data time 0.0006 (0.0184)	model time 0.1153 (0.1099)	loss 5.1606 (5.2261)	grad_norm 1.9720 (1.6345)	loss_scale 65536.0000 (65536.0000)	mem 1581MB
[2026-03-25 21:47:58 tiny_tinyimagenet](main.py 348): INFO Train: [0/1][770/781]	eta 0:00:01 lr 0.000001	 wd 0.0500	time 0.1035 (0.1327)	data time 0.0003 (0.0182)	model time 0.1032 (0.1099)	loss 5.1253 (5.2251)	grad_norm 2.2806 (1.6393)	loss_scale 65536.0000 (65536.0000)	mem 1581MB
[2026-03-25 21:47:59 tiny_tinyimagenet](main.py 348): INFO Train: [0/1][780/781]	eta 0:00:00 lr 0.000001	 wd 0.0500	time 0.1036 (0.1324)	data time 0.0004 (0.0180)	model time 0.1032 (0.1098)	loss 5.0461 (5.2241)	grad_norm 1.9816 (1.6441)	loss_scale 65536.0000 (65536.0000)	mem 1581MB
[2026-03-25 21:47:59 tiny_tinyimagenet](main.py 359): INFO EPOCH 0 training takes 0:01:44
[2026-03-25 21:47:59 tiny_tinyimagenet](utils.py 104): INFO ./output_tinyimagenet_2gpu_1ep/tiny_tinyimagenet/20260325214613/latest_ckpt.pth saving......
[2026-03-25 21:48:00 tiny_tinyimagenet](utils.py 106): INFO ./output_tinyimagenet_2gpu_1ep/tiny_tinyimagenet/20260325214613/latest_ckpt.pth saved !!!
/home/jlx_75/miniconda3/envs/pvmamba/lib/python3.10/site-packages/requests/__init__.py:109: RequestsDependencyWarning: urllib3 (1.26.13) or chardet (7.2.0)/charset_normalizer (2.1.1) doesn't match a supported version!
  warnings.warn(
/home/jlx_75/miniconda3/envs/pvmamba/lib/python3.10/site-packages/requests/__init__.py:109: RequestsDependencyWarning: urllib3 (1.26.13) or chardet (7.2.0)/charset_normalizer (2.1.1) doesn't match a supported version!
  warnings.warn(
/home/jlx_75/miniconda3/envs/pvmamba/lib/python3.10/site-packages/requests/__init__.py:109: RequestsDependencyWarning: urllib3 (1.26.13) or chardet (7.2.0)/charset_normalizer (2.1.1) doesn't match a supported version!
  warnings.warn(
/home/jlx_75/miniconda3/envs/pvmamba/lib/python3.10/site-packages/requests/__init__.py:109: RequestsDependencyWarning: urllib3 (1.26.13) or chardet (7.2.0)/charset_normalizer (2.1.1) doesn't match a supported version!
  warnings.warn(
/home/jlx_75/miniconda3/envs/pvmamba/lib/python3.10/site-packages/requests/__init__.py:109: RequestsDependencyWarning: urllib3 (1.26.13) or chardet (7.2.0)/charset_normalizer (2.1.1) doesn't match a supported version!
  warnings.warn(
/home/jlx_75/miniconda3/envs/pvmamba/lib/python3.10/site-packages/requests/__init__.py:109: RequestsDependencyWarning: urllib3 (1.26.13) or chardet (7.2.0)/charset_normalizer (2.1.1) doesn't match a supported version!
  warnings.warn(
/home/jlx_75/miniconda3/envs/pvmamba/lib/python3.10/site-packages/requests/__init__.py:109: RequestsDependencyWarning: urllib3 (1.26.13) or chardet (7.2.0)/charset_normalizer (2.1.1) doesn't match a supported version!
  warnings.warn(
/home/jlx_75/miniconda3/envs/pvmamba/lib/python3.10/site-packages/requests/__init__.py:109: RequestsDependencyWarning: urllib3 (1.26.13) or chardet (7.2.0)/charset_normalizer (2.1.1) doesn't match a supported version!
  warnings.warn(
/home/jlx_75/miniconda3/envs/pvmamba/lib/python3.10/site-packages/requests/__init__.py:109: RequestsDependencyWarning: urllib3 (1.26.13) or chardet (7.2.0)/charset_normalizer (2.1.1) doesn't match a supported version!
  warnings.warn(
/home/jlx_75/miniconda3/envs/pvmamba/lib/python3.10/site-packages/requests/__init__.py:109: RequestsDependencyWarning: urllib3 (1.26.13) or chardet (7.2.0)/charset_normalizer (2.1.1) doesn't match a supported version!
  warnings.warn(
/home/jlx_75/miniconda3/envs/pvmamba/lib/python3.10/site-packages/requests/__init__.py:109: RequestsDependencyWarning: urllib3 (1.26.13) or chardet (7.2.0)/charset_normalizer (2.1.1) doesn't match a supported version!
  warnings.warn(
/home/jlx_75/miniconda3/envs/pvmamba/lib/python3.10/site-packages/requests/__init__.py:109: RequestsDependencyWarning: urllib3 (1.26.13) or chardet (7.2.0)/charset_normalizer (2.1.1) doesn't match a supported version!
  warnings.warn(
/home/jlx_75/miniconda3/envs/pvmamba/lib/python3.10/site-packages/requests/__init__.py:109: RequestsDependencyWarning: urllib3 (1.26.13) or chardet (7.2.0)/charset_normalizer (2.1.1) doesn't match a supported version!
  warnings.warn(
/home/jlx_75/miniconda3/envs/pvmamba/lib/python3.10/site-packages/requests/__init__.py:109: RequestsDependencyWarning: urllib3 (1.26.13) or chardet (7.2.0)/charset_normalizer (2.1.1) doesn't match a supported version!
  warnings.warn(
/home/jlx_75/miniconda3/envs/pvmamba/lib/python3.10/site-packages/requests/__init__.py:109: RequestsDependencyWarning: urllib3 (1.26.13) or chardet (7.2.0)/charset_normalizer (2.1.1) doesn't match a supported version!
  warnings.warn(
/home/jlx_75/miniconda3/envs/pvmamba/lib/python3.10/site-packages/requests/__init__.py:109: RequestsDependencyWarning: urllib3 (1.26.13) or chardet (7.2.0)/charset_normalizer (2.1.1) doesn't match a supported version!
  warnings.warn(
[2026-03-25 21:48:13 tiny_tinyimagenet](main.py 403): INFO Test: [0/79]	Time 13.356 (13.356)	Loss 4.1055 (4.1055)	Acc@1 32.031 (32.031)	Acc@5 66.406 (66.406)	Mem 1581MB
[2026-03-25 21:48:14 tiny_tinyimagenet](main.py 403): INFO Test: [10/79]	Time 0.048 (1.258)	Loss 5.1797 (4.7894)	Acc@1 0.781 (7.884)	Acc@5 5.469 (19.744)	Mem 1581MB
[2026-03-25 21:48:14 tiny_tinyimagenet](main.py 403): INFO Test: [20/79]	Time 0.049 (0.682)	Loss 4.8555 (4.8534)	Acc@1 1.562 (5.134)	Acc@5 14.844 (15.104)	Mem 1581MB
[2026-03-25 21:48:15 tiny_tinyimagenet](main.py 403): INFO Test: [30/79]	Time 0.049 (0.478)	Loss 5.0469 (4.9132)	Acc@1 0.781 (3.831)	Acc@5 8.594 (12.172)	Mem 1581MB
[2026-03-25 21:48:15 tiny_tinyimagenet](main.py 403): INFO Test: [40/79]	Time 0.050 (0.372)	Loss 5.0820 (4.9180)	Acc@1 0.000 (3.697)	Acc@5 0.781 (12.748)	Mem 1581MB
[2026-03-25 21:48:16 tiny_tinyimagenet](main.py 403): INFO Test: [50/79]	Time 0.050 (0.309)	Loss 5.0000 (4.9243)	Acc@1 0.000 (3.309)	Acc@5 4.688 (13.051)	Mem 1581MB
[2026-03-25 21:48:16 tiny_tinyimagenet](main.py 403): INFO Test: [60/79]	Time 0.050 (0.266)	Loss 4.9922 (4.9426)	Acc@1 0.781 (3.176)	Acc@5 8.594 (12.398)	Mem 1581MB
[2026-03-25 21:48:17 tiny_tinyimagenet](main.py 403): INFO Test: [70/79]	Time 0.049 (0.236)	Loss 4.8594 (4.9432)	Acc@1 0.781 (3.103)	Acc@5 17.188 (12.379)	Mem 1581MB
[2026-03-25 21:48:18 tiny_tinyimagenet](main.py 410): INFO  * Acc@1 4.270 Acc@5 15.340
[2026-03-25 21:48:18 tiny_tinyimagenet](main.py 239): INFO Accuracy of the network on the 10000 test images: 4.3%
[2026-03-25 21:48:18 tiny_tinyimagenet](main.py 247): INFO New max accuracy: 4.27%
[2026-03-25 21:48:18 tiny_tinyimagenet](utils.py 104): INFO ./output_tinyimagenet_2gpu_1ep/tiny_tinyimagenet/20260325214613/best_ckpt.pth saving......
[2026-03-25 21:48:19 tiny_tinyimagenet](utils.py 106): INFO ./output_tinyimagenet_2gpu_1ep/tiny_tinyimagenet/20260325214613/best_ckpt.pth saved !!!
[2026-03-25 21:48:19 tiny_tinyimagenet](main.py 273): INFO Training time 0:02:03
